LossType,Unit,Mean,Standard Deviation
structural,USD,5.72218424E+02,3.40159175E+02
