0.0 0.0,6.3212056E-01 4.8481666E-01 4.5410426E-02
