LossType,Unit,Mean,Standard Deviation
fatalities,people,3.08602924E+00,1.97594907E+00
